mode: set
go_inventory/main.go:30.13,50.38 5 0
go_inventory/main.go:50.38,52.43 2 0
go_inventory/main.go:52.43,55.4 2 0
go_inventory/main.go:56.3,56.47 1 0
go_inventory/main.go:56.47,59.4 2 0
go_inventory/main.go:60.3,60.40 1 0
go_inventory/main.go:64.2,64.40 1 0
go_inventory/main.go:64.40,66.3 1 0
go_inventory/main.go:69.2,85.25 7 0
go_inventory/Container/container.go:13.49,17.36 2 0
go_inventory/Container/container.go:17.36,17.49 1 0
go_inventory/Container/container.go:20.2,43.18 17 0
go_inventory/Helpers/Development/Dump.go:9.34,10.27 1 0
go_inventory/Helpers/Development/Dump.go:10.27,13.45 1 0
go_inventory/Helpers/Development/Dump.go:13.45,15.4 1 0
go_inventory/Helpers/Development/Dump.go:15.9,17.4 1 0
go_inventory/Helpers/Development/Dump.go:21.32,24.2 2 0
go_inventory/Helpers/Errors/errors.go:10.35,12.2 1 0
go_inventory/Helpers/Errors/errors.go:14.36,16.2 1 0
go_inventory/Helpers/Errors/errors.go:18.57,20.19 2 0
go_inventory/Helpers/Errors/errors.go:20.19,22.3 1 0
go_inventory/Helpers/Errors/errors.go:24.2,27.3 1 0
go_inventory/Helpers/RequestsHelper/FormatRequestError.go:15.61,16.66 1 0
go_inventory/Helpers/RequestsHelper/FormatRequestError.go:16.66,20.47 2 0
go_inventory/Helpers/RequestsHelper/FormatRequestError.go:20.47,27.4 1 0
go_inventory/Helpers/RequestsHelper/FormatRequestError.go:28.3,28.25 1 0
go_inventory/Helpers/RequestsHelper/FormatRequestError.go:31.2,31.12 1 0
go_inventory/Helpers/RequestsHelper/Params.go:10.65,13.16 3 0
go_inventory/Helpers/RequestsHelper/Params.go:13.16,16.3 2 0
go_inventory/Helpers/RequestsHelper/Params.go:17.2,17.28 1 0
go_inventory/Helpers/RequestsHelper/Params.go:20.56,24.2 2 0
go_inventory/Helpers/RequestsHelper/Params.go:26.67,29.16 3 0
go_inventory/Helpers/RequestsHelper/Params.go:29.16,32.3 2 0
go_inventory/Helpers/RequestsHelper/Params.go:34.2,34.22 1 0
go_inventory/SupplyInventory/Application/Middlewares/auth.go:18.72,20.2 1 0
go_inventory/SupplyInventory/Application/Middlewares/auth.go:22.52,23.30 1 0
go_inventory/SupplyInventory/Application/Middlewares/auth.go:23.30,25.23 2 0
go_inventory/SupplyInventory/Application/Middlewares/auth.go:25.23,28.4 2 0
go_inventory/SupplyInventory/Application/Middlewares/auth.go:30.3,31.32 2 0
go_inventory/SupplyInventory/Application/Middlewares/auth.go:31.32,34.4 2 0
go_inventory/SupplyInventory/Application/Middlewares/auth.go:36.3,37.36 2 0
go_inventory/SupplyInventory/Application/Middlewares/auth.go:37.36,40.4 2 0
go_inventory/SupplyInventory/Application/Middlewares/auth.go:42.3,43.26 2 0
go_inventory/SupplyInventory/Application/Middlewares/auth.go:43.26,45.4 1 0
go_inventory/SupplyInventory/Application/Middlewares/auth.go:47.3,48.35 2 0
go_inventory/SupplyInventory/Application/Middlewares/auth.go:48.35,50.4 1 0
go_inventory/SupplyInventory/Application/Middlewares/auth.go:52.3,55.11 3 0
go_inventory/docs/docs.go:940.13,942.2 1 0
go_inventory/SupplyInventory/Application/Routes/Api.go:12.62,17.116 3 0
go_inventory/SupplyInventory/Application/Routes/Api.go:17.116,21.3 3 0
go_inventory/SupplyInventory/Application/Routes/Api.go:23.2,23.115 1 0
go_inventory/SupplyInventory/Application/Routes/Api.go:23.115,27.3 3 0
go_inventory/SupplyInventory/Application/Routes/Api.go:29.2,29.124 1 0
go_inventory/SupplyInventory/Application/Routes/Api.go:29.124,33.3 3 0
go_inventory/SupplyInventory/Application/Routes/Api.go:35.2,35.69 1 0
go_inventory/SupplyInventory/Application/Routes/Api.go:35.69,37.3 1 0
go_inventory/SupplyInventory/Application/Routes/Api.go:39.2,39.68 1 0
go_inventory/SupplyInventory/Application/Routes/Api.go:39.68,41.3 1 0
go_inventory/SupplyInventory/Domain/PalletEntity.go:12.40,14.2 1 0
go_inventory/SupplyInventory/Domain/PalletRackEntity.go:11.44,13.2 1 0
go_inventory/SupplyInventory/Domain/PalletRackEntity.go:19.21,25.2 1 0
go_inventory/SupplyInventory/Domain/PalletizedProductEntity.go:10.51,12.2 1 0
go_inventory/SupplyInventory/Domain/UserEntity.go:18.15,24.2 1 0
go_inventory/SupplyInventory/Application/Services/JwtService.go:26.33,28.2 1 0
go_inventory/SupplyInventory/Application/Services/JwtService.go:30.99,32.2 1 0
go_inventory/SupplyInventory/Application/Services/JwtService.go:34.106,36.2 1 0
go_inventory/SupplyInventory/Application/Services/JwtService.go:38.133,48.16 4 0
go_inventory/SupplyInventory/Application/Services/JwtService.go:48.16,50.3 1 0
go_inventory/SupplyInventory/Application/Services/JwtService.go:52.2,52.25 1 0
go_inventory/SupplyInventory/Application/Services/JwtService.go:55.93,58.83 2 0
go_inventory/SupplyInventory/Application/Services/JwtService.go:58.83,59.58 1 0
go_inventory/SupplyInventory/Application/Services/JwtService.go:59.58,61.4 1 0
go_inventory/SupplyInventory/Application/Services/JwtService.go:62.3,62.24 1 0
go_inventory/SupplyInventory/Application/Services/JwtService.go:64.2,64.16 1 0
go_inventory/SupplyInventory/Application/Services/JwtService.go:64.16,66.3 1 0
go_inventory/SupplyInventory/Application/Services/JwtService.go:68.2,68.19 1 0
go_inventory/SupplyInventory/Application/Services/JwtService.go:71.89,73.35 2 0
go_inventory/SupplyInventory/Application/Services/JwtService.go:73.35,75.3 1 0
go_inventory/SupplyInventory/Application/Services/JwtService.go:77.2,82.19 5 0
go_inventory/SupplyInventory/Application/Services/JwtService.go:82.19,84.3 1 0
go_inventory/SupplyInventory/Application/Services/JwtService.go:86.2,86.22 1 0
go_inventory/SupplyInventory/Application/Services/PalletRackService.go:21.93,23.2 1 0
go_inventory/SupplyInventory/Application/Services/PalletRackService.go:25.125,27.16 2 0
go_inventory/SupplyInventory/Application/Services/PalletRackService.go:27.16,29.3 1 0
go_inventory/SupplyInventory/Application/Services/PalletRackService.go:31.2,31.27 1 0
go_inventory/SupplyInventory/Application/Services/PalletRackService.go:34.87,36.16 2 0
go_inventory/SupplyInventory/Application/Services/PalletRackService.go:36.16,38.3 1 0
go_inventory/SupplyInventory/Application/Services/PalletRackService.go:40.2,42.30 2 0
go_inventory/SupplyInventory/Application/Services/PalletRackService.go:42.30,54.3 2 0
go_inventory/SupplyInventory/Application/Services/PalletRackService.go:56.2,56.24 1 0
go_inventory/SupplyInventory/Application/Services/PalletRackService.go:59.104,61.19 2 0
go_inventory/SupplyInventory/Application/Services/PalletRackService.go:61.19,63.3 1 0
go_inventory/SupplyInventory/Application/Services/PalletRackService.go:65.2,65.19 1 0
go_inventory/SupplyInventory/Application/Services/PalletRackService.go:68.80,70.19 2 0
go_inventory/SupplyInventory/Application/Services/PalletRackService.go:70.19,72.3 1 0
go_inventory/SupplyInventory/Application/Services/PalletRackService.go:74.2,74.18 1 0
go_inventory/SupplyInventory/Application/Services/PalletService.go:24.100,26.2 1 0
go_inventory/SupplyInventory/Application/Services/PalletService.go:28.87,30.19 2 0
go_inventory/SupplyInventory/Application/Services/PalletService.go:30.19,32.3 1 0
go_inventory/SupplyInventory/Application/Services/PalletService.go:33.2,33.21 1 0
go_inventory/SupplyInventory/Application/Services/PalletService.go:36.96,38.2 1 0
go_inventory/SupplyInventory/Application/Services/PalletService.go:40.123,42.19 2 0
go_inventory/SupplyInventory/Application/Services/PalletService.go:42.19,44.3 1 0
go_inventory/SupplyInventory/Application/Services/PalletService.go:46.2,47.16 2 0
go_inventory/SupplyInventory/Application/Services/PalletService.go:47.16,49.3 1 0
go_inventory/SupplyInventory/Application/Services/PalletService.go:51.2,55.19 4 0
go_inventory/SupplyInventory/Application/Services/PalletService.go:55.19,57.3 1 0
go_inventory/SupplyInventory/Application/Services/PalletService.go:59.2,59.30 1 0
go_inventory/SupplyInventory/Application/Services/PalletService.go:62.82,64.2 1 0
go_inventory/SupplyInventory/Application/Services/PalletService.go:66.126,68.2 1 0
go_inventory/SupplyInventory/Application/Services/PalletizedProductService.go:22.28,24.2 1 0
go_inventory/SupplyInventory/Application/Services/PalletizedProductService.go:26.141,34.16 3 0
go_inventory/SupplyInventory/Application/Services/PalletizedProductService.go:34.16,36.3 1 0
go_inventory/SupplyInventory/Application/Services/PalletizedProductService.go:38.2,39.19 2 0
go_inventory/SupplyInventory/Application/Services/PalletizedProductService.go:39.19,41.3 1 0
go_inventory/SupplyInventory/Application/Services/PalletizedProductService.go:43.2,43.20 1 0
go_inventory/SupplyInventory/Application/Services/PalletizedProductService.go:46.124,48.19 2 0
go_inventory/SupplyInventory/Application/Services/PalletizedProductService.go:48.19,50.3 1 0
go_inventory/SupplyInventory/Application/Services/PalletizedProductService.go:52.2,52.21 1 0
go_inventory/SupplyInventory/Application/Services/QrCode.go:18.39,20.2 1 0
go_inventory/SupplyInventory/Application/Services/QrCode.go:22.75,26.60 3 0
go_inventory/SupplyInventory/Application/Services/QrCode.go:26.60,28.3 1 0
go_inventory/SupplyInventory/Application/Services/QrCode.go:30.2,32.16 3 0
go_inventory/SupplyInventory/Application/Services/QrCode.go:32.16,34.3 1 0
go_inventory/SupplyInventory/Application/Services/QrCode.go:36.2,36.20 1 0
go_inventory/SupplyInventory/Application/Services/UserService.go:20.75,22.2 1 0
go_inventory/SupplyInventory/Application/Services/UserService.go:24.109,26.24 2 0
go_inventory/SupplyInventory/Application/Services/UserService.go:26.24,28.3 1 0
go_inventory/SupplyInventory/Application/Services/UserService.go:30.2,31.16 2 0
go_inventory/SupplyInventory/Application/Services/UserService.go:31.16,33.3 1 0
go_inventory/SupplyInventory/Application/Services/UserService.go:35.2,41.56 2 0
go_inventory/SupplyInventory/Application/Services/UserService.go:41.56,43.3 1 0
go_inventory/SupplyInventory/Application/Services/UserService.go:45.2,45.18 1 0
go_inventory/SupplyInventory/Application/Services/UserService.go:48.105,50.16 2 0
go_inventory/SupplyInventory/Application/Services/UserService.go:50.16,52.3 1 0
go_inventory/SupplyInventory/Application/Services/UserService.go:54.2,54.83 1 0
go_inventory/SupplyInventory/Application/Services/UserService.go:54.83,56.3 1 0
go_inventory/SupplyInventory/Application/Services/UserService.go:58.2,58.18 1 0
go_inventory/SupplyInventory/Infrastructure/PalletRackRepository.go:23.64,25.2 1 0
go_inventory/SupplyInventory/Infrastructure/PalletRackRepository.go:27.131,30.62 2 0
go_inventory/SupplyInventory/Infrastructure/PalletRackRepository.go:30.62,32.3 1 0
go_inventory/SupplyInventory/Infrastructure/PalletRackRepository.go:34.2,34.24 1 0
go_inventory/SupplyInventory/Infrastructure/PalletRackRepository.go:37.88,40.76 2 0
go_inventory/SupplyInventory/Infrastructure/PalletRackRepository.go:40.76,42.3 1 0
go_inventory/SupplyInventory/Infrastructure/PalletRackRepository.go:44.2,44.19 1 0
go_inventory/SupplyInventory/Infrastructure/PalletRackRepository.go:47.110,51.57 2 0
go_inventory/SupplyInventory/Infrastructure/PalletRackRepository.go:51.57,53.3 1 0
go_inventory/SupplyInventory/Infrastructure/PalletRackRepository.go:55.2,55.19 1 0
go_inventory/SupplyInventory/Infrastructure/PalletRackRepository.go:58.86,63.25 3 0
go_inventory/SupplyInventory/Infrastructure/PalletRackRepository.go:63.25,65.59 1 0
go_inventory/SupplyInventory/Infrastructure/PalletRackRepository.go:65.59,70.4 1 0
go_inventory/SupplyInventory/Infrastructure/PalletRackRepository.go:72.3,72.62 1 0
go_inventory/SupplyInventory/Infrastructure/PalletRackRepository.go:75.2,75.30 1 0
go_inventory/SupplyInventory/Infrastructure/PalletRackRepository.go:75.30,77.3 1 0
go_inventory/SupplyInventory/Infrastructure/PalletRackRepository.go:79.2,79.18 1 0
go_inventory/SupplyInventory/Infrastructure/PalletRepository.go:24.56,26.2 1 0
go_inventory/SupplyInventory/Infrastructure/PalletRepository.go:28.95,30.88 2 0
go_inventory/SupplyInventory/Infrastructure/PalletRepository.go:30.88,32.3 1 0
go_inventory/SupplyInventory/Infrastructure/PalletRepository.go:33.2,33.21 1 0
go_inventory/SupplyInventory/Infrastructure/PalletRepository.go:36.101,38.92 2 0
go_inventory/SupplyInventory/Infrastructure/PalletRepository.go:38.92,40.3 1 0
go_inventory/SupplyInventory/Infrastructure/PalletRepository.go:42.2,42.21 1 0
go_inventory/SupplyInventory/Infrastructure/PalletRepository.go:45.126,51.60 2 0
go_inventory/SupplyInventory/Infrastructure/PalletRepository.go:51.60,53.3 1 0
go_inventory/SupplyInventory/Infrastructure/PalletRepository.go:55.2,55.21 1 0
go_inventory/SupplyInventory/Infrastructure/PalletRepository.go:58.120,59.57 1 0
go_inventory/SupplyInventory/Infrastructure/PalletRepository.go:59.57,61.3 1 0
go_inventory/SupplyInventory/Infrastructure/PalletRepository.go:62.2,62.20 1 0
go_inventory/SupplyInventory/Infrastructure/PalletRepository.go:65.138,67.33 2 0
go_inventory/SupplyInventory/Infrastructure/PalletRepository.go:67.33,69.3 1 0
go_inventory/SupplyInventory/Infrastructure/PalletRepository.go:71.2,72.102 2 0
go_inventory/SupplyInventory/Infrastructure/PalletRepository.go:72.102,74.3 1 0
go_inventory/SupplyInventory/Infrastructure/PalletRepository.go:76.2,76.98 1 0
go_inventory/SupplyInventory/Infrastructure/PalletRepository.go:76.98,78.3 1 0
go_inventory/SupplyInventory/Infrastructure/PalletRepository.go:80.2,80.20 1 0
go_inventory/SupplyInventory/Infrastructure/PalletRepository.go:83.88,86.25 2 0
go_inventory/SupplyInventory/Infrastructure/PalletRepository.go:86.25,88.3 1 0
go_inventory/SupplyInventory/Infrastructure/PalletRepository.go:90.2,90.30 1 0
go_inventory/SupplyInventory/Infrastructure/PalletRepository.go:90.30,92.3 1 0
go_inventory/SupplyInventory/Infrastructure/PalletRepository.go:94.2,94.18 1 0
go_inventory/SupplyInventory/Infrastructure/PalletRepository.go:97.132,99.92 2 0
go_inventory/SupplyInventory/Infrastructure/PalletRepository.go:99.92,101.3 1 0
go_inventory/SupplyInventory/Infrastructure/PalletRepository.go:103.2,106.58 3 0
go_inventory/SupplyInventory/Infrastructure/PalletRepository.go:106.58,108.3 1 0
go_inventory/SupplyInventory/Infrastructure/PalletRepository.go:110.2,110.21 1 0
go_inventory/SupplyInventory/Infrastructure/PalletizedProductRepository.go:20.113,22.2 1 0
go_inventory/SupplyInventory/Infrastructure/PalletizedProductRepository.go:24.137,26.33 2 0
go_inventory/SupplyInventory/Infrastructure/PalletizedProductRepository.go:26.33,28.3 1 0
go_inventory/SupplyInventory/Infrastructure/PalletizedProductRepository.go:30.2,30.58 1 0
go_inventory/SupplyInventory/Infrastructure/PalletizedProductRepository.go:30.58,31.69 1 0
go_inventory/SupplyInventory/Infrastructure/PalletizedProductRepository.go:31.69,34.97 2 0
go_inventory/SupplyInventory/Infrastructure/PalletizedProductRepository.go:34.97,36.5 1 0
go_inventory/SupplyInventory/Infrastructure/PalletizedProductRepository.go:38.4,38.20 1 0
go_inventory/SupplyInventory/Infrastructure/PalletizedProductRepository.go:42.2,42.102 1 0
go_inventory/SupplyInventory/Infrastructure/PalletizedProductRepository.go:42.102,44.3 1 0
go_inventory/SupplyInventory/Infrastructure/PalletizedProductRepository.go:46.2,46.18 1 0
go_inventory/SupplyInventory/Infrastructure/PalletizedProductRepository.go:49.134,51.33 2 0
go_inventory/SupplyInventory/Infrastructure/PalletizedProductRepository.go:51.33,53.3 1 0
go_inventory/SupplyInventory/Infrastructure/PalletizedProductRepository.go:55.2,55.42 1 0
go_inventory/SupplyInventory/Infrastructure/PalletizedProductRepository.go:55.42,56.53 1 0
go_inventory/SupplyInventory/Infrastructure/PalletizedProductRepository.go:56.53,57.83 1 0
go_inventory/SupplyInventory/Infrastructure/PalletizedProductRepository.go:57.83,59.5 1 0
go_inventory/SupplyInventory/Infrastructure/PalletizedProductRepository.go:60.4,60.20 1 0
go_inventory/SupplyInventory/Infrastructure/PalletizedProductRepository.go:64.2,64.71 1 0
go_inventory/SupplyInventory/Infrastructure/UserRepository.go:18.52,20.2 1 0
go_inventory/SupplyInventory/Infrastructure/UserRepository.go:22.73,24.2 1 0
go_inventory/SupplyInventory/Infrastructure/UserRepository.go:26.89,28.83 2 0
go_inventory/SupplyInventory/Infrastructure/UserRepository.go:28.83,30.3 1 0
go_inventory/SupplyInventory/Infrastructure/UserRepository.go:31.2,31.19 1 0
go_inventory/SupplyInventory/Infrastructure/Db/Migrate.go:12.27,19.16 2 0
go_inventory/SupplyInventory/Infrastructure/Db/Migrate.go:19.16,21.3 1 0
go_inventory/SupplyInventory/Infrastructure/Db/Migrate.go:23.2,23.48 1 0
go_inventory/SupplyInventory/Infrastructure/Db/MySqlConnection.go:12.25,24.66 8 0
go_inventory/SupplyInventory/Infrastructure/Db/MySqlConnection.go:24.66,27.3 1 0
go_inventory/SupplyInventory/Infrastructure/Db/MySqlConnection.go:27.8,30.3 1 0
go_inventory/SupplyInventory/Infrastructure/Db/MySqlConnection.go:32.2,33.16 2 0
go_inventory/SupplyInventory/Infrastructure/Db/MySqlConnection.go:33.16,35.3 1 0
go_inventory/SupplyInventory/Infrastructure/Db/MySqlConnection.go:37.2,38.16 2 0
go_inventory/SupplyInventory/Infrastructure/Db/MySqlConnection.go:38.16,40.3 1 0
go_inventory/SupplyInventory/Infrastructure/Db/MySqlConnection.go:42.2,42.37 1 0
go_inventory/SupplyInventory/Infrastructure/Db/MySqlConnection.go:42.37,44.3 1 0
go_inventory/SupplyInventory/Infrastructure/Db/MySqlConnection.go:46.2,47.11 2 0
go_inventory/SupplyInventory/Application/Controllers/AuthController.go:19.106,21.2 1 1
go_inventory/SupplyInventory/Application/Controllers/AuthController.go:23.73,26.2 2 1
go_inventory/SupplyInventory/Application/Controllers/AuthController.go:39.63,42.53 2 1
go_inventory/SupplyInventory/Application/Controllers/AuthController.go:42.53,45.3 2 1
go_inventory/SupplyInventory/Application/Controllers/AuthController.go:47.2,48.16 2 1
go_inventory/SupplyInventory/Application/Controllers/AuthController.go:48.16,51.3 2 1
go_inventory/SupplyInventory/Application/Controllers/AuthController.go:53.2,54.19 2 1
go_inventory/SupplyInventory/Application/Controllers/AuthController.go:54.19,57.3 2 0
go_inventory/SupplyInventory/Application/Controllers/AuthController.go:59.2,60.19 2 1
go_inventory/SupplyInventory/Application/Controllers/AuthController.go:60.19,63.3 2 0
go_inventory/SupplyInventory/Application/Controllers/AuthController.go:65.2,70.39 2 1
go_inventory/SupplyInventory/Application/Controllers/AuthController.go:83.70,86.53 2 1
go_inventory/SupplyInventory/Application/Controllers/AuthController.go:86.53,89.3 2 1
go_inventory/SupplyInventory/Application/Controllers/AuthController.go:91.2,92.19 2 1
go_inventory/SupplyInventory/Application/Controllers/AuthController.go:92.19,95.3 2 1
go_inventory/SupplyInventory/Application/Controllers/AuthController.go:97.2,101.39 2 1
go_inventory/SupplyInventory/Application/Controllers/PalletController.go:17.76,19.2 1 0
go_inventory/SupplyInventory/Application/Controllers/PalletController.go:21.70,27.2 5 0
go_inventory/SupplyInventory/Application/Controllers/PalletController.go:36.65,38.19 2 0
go_inventory/SupplyInventory/Application/Controllers/PalletController.go:38.19,40.3 1 0
go_inventory/SupplyInventory/Application/Controllers/PalletController.go:42.2,42.32 1 0
go_inventory/SupplyInventory/Application/Controllers/PalletController.go:53.68,55.16 2 0
go_inventory/SupplyInventory/Application/Controllers/PalletController.go:55.16,58.3 2 0
go_inventory/SupplyInventory/Application/Controllers/PalletController.go:60.2,61.19 2 0
go_inventory/SupplyInventory/Application/Controllers/PalletController.go:61.19,64.3 2 0
go_inventory/SupplyInventory/Application/Controllers/PalletController.go:66.2,66.31 1 0
go_inventory/SupplyInventory/Application/Controllers/PalletController.go:80.70,82.16 2 0
go_inventory/SupplyInventory/Application/Controllers/PalletController.go:82.16,85.3 2 0
go_inventory/SupplyInventory/Application/Controllers/PalletController.go:87.2,89.19 2 0
go_inventory/SupplyInventory/Application/Controllers/PalletController.go:89.19,92.3 2 0
go_inventory/SupplyInventory/Application/Controllers/PalletController.go:94.2,94.38 1 0
go_inventory/SupplyInventory/Application/Controllers/PalletController.go:105.66,107.47 2 0
go_inventory/SupplyInventory/Application/Controllers/PalletController.go:107.47,110.3 2 0
go_inventory/SupplyInventory/Application/Controllers/PalletController.go:112.2,114.19 2 0
go_inventory/SupplyInventory/Application/Controllers/PalletController.go:114.19,117.3 2 0
go_inventory/SupplyInventory/Application/Controllers/PalletController.go:119.2,119.39 1 0
go_inventory/SupplyInventory/Application/Controllers/PalletController.go:131.66,133.16 2 0
go_inventory/SupplyInventory/Application/Controllers/PalletController.go:133.16,136.3 2 0
go_inventory/SupplyInventory/Application/Controllers/PalletController.go:138.2,139.47 2 0
go_inventory/SupplyInventory/Application/Controllers/PalletController.go:139.47,142.3 2 0
go_inventory/SupplyInventory/Application/Controllers/PalletController.go:144.2,145.19 2 0
go_inventory/SupplyInventory/Application/Controllers/PalletController.go:145.19,148.3 2 0
go_inventory/SupplyInventory/Application/Controllers/PalletController.go:150.2,150.31 1 0
go_inventory/SupplyInventory/Application/Controllers/PalletRackController.go:18.98,20.2 1 0
go_inventory/SupplyInventory/Application/Controllers/PalletRackController.go:22.84,27.2 4 0
go_inventory/SupplyInventory/Application/Controllers/PalletRackController.go:37.74,39.47 2 0
go_inventory/SupplyInventory/Application/Controllers/PalletRackController.go:39.47,43.3 3 0
go_inventory/SupplyInventory/Application/Controllers/PalletRackController.go:45.2,47.26 2 0
go_inventory/SupplyInventory/Application/Controllers/PalletRackController.go:47.26,50.3 2 0
go_inventory/SupplyInventory/Application/Controllers/PalletRackController.go:52.2,52.43 1 0
go_inventory/SupplyInventory/Application/Controllers/PalletRackController.go:63.67,65.16 2 0
go_inventory/SupplyInventory/Application/Controllers/PalletRackController.go:65.16,68.3 2 0
go_inventory/SupplyInventory/Application/Controllers/PalletRackController.go:70.2,70.35 1 0
go_inventory/SupplyInventory/Application/Controllers/PalletRackController.go:82.62,84.16 2 0
go_inventory/SupplyInventory/Application/Controllers/PalletRackController.go:84.16,87.3 2 0
go_inventory/SupplyInventory/Application/Controllers/PalletRackController.go:89.2,90.19 2 0
go_inventory/SupplyInventory/Application/Controllers/PalletRackController.go:90.19,93.3 2 0
go_inventory/SupplyInventory/Application/Controllers/PalletRackController.go:95.2,95.31 1 0
go_inventory/SupplyInventory/Application/Controllers/PalletRackController.go:108.60,110.16 2 0
go_inventory/SupplyInventory/Application/Controllers/PalletRackController.go:110.16,113.3 2 0
go_inventory/SupplyInventory/Application/Controllers/PalletRackController.go:115.2,116.19 2 0
go_inventory/SupplyInventory/Application/Controllers/PalletRackController.go:116.19,119.3 2 0
go_inventory/SupplyInventory/Application/Controllers/PalletRackController.go:121.2,121.25 1 0
go_inventory/SupplyInventory/Application/Controllers/PalletizedProductController.go:17.126,19.2 1 0
go_inventory/SupplyInventory/Application/Controllers/PalletizedProductController.go:21.94,24.2 2 0
go_inventory/SupplyInventory/Application/Controllers/PalletizedProductController.go:35.84,38.47 2 0
go_inventory/SupplyInventory/Application/Controllers/PalletizedProductController.go:38.47,41.3 2 0
go_inventory/SupplyInventory/Application/Controllers/PalletizedProductController.go:43.2,44.16 2 0
go_inventory/SupplyInventory/Application/Controllers/PalletizedProductController.go:44.16,47.3 2 0
go_inventory/SupplyInventory/Application/Controllers/PalletizedProductController.go:49.2,50.19 2 0
go_inventory/SupplyInventory/Application/Controllers/PalletizedProductController.go:50.19,53.3 2 0
go_inventory/SupplyInventory/Application/Controllers/PalletizedProductController.go:55.2,55.38 1 0
go_inventory/SupplyInventory/Application/Controllers/PalletizedProductController.go:68.89,70.16 2 0
go_inventory/SupplyInventory/Application/Controllers/PalletizedProductController.go:70.16,73.3 2 0
go_inventory/SupplyInventory/Application/Controllers/PalletizedProductController.go:75.2,76.16 2 0
go_inventory/SupplyInventory/Application/Controllers/PalletizedProductController.go:76.16,79.3 2 0
go_inventory/SupplyInventory/Application/Controllers/PalletizedProductController.go:81.2,82.19 2 0
go_inventory/SupplyInventory/Application/Controllers/PalletizedProductController.go:82.19,85.3 2 0
go_inventory/SupplyInventory/Application/Controllers/PalletizedProductController.go:87.2,87.32 1 0
go_inventory/SupplyInventory/Application/Controllers/UserController.go:17.74,19.2 1 0
go_inventory/SupplyInventory/Application/Controllers/UserController.go:21.78,23.2 1 0
go_inventory/SupplyInventory/Application/Controllers/UserController.go:34.58,37.47 2 0
go_inventory/SupplyInventory/Application/Controllers/UserController.go:37.47,40.3 2 0
go_inventory/SupplyInventory/Application/Controllers/UserController.go:42.2,43.19 2 0
go_inventory/SupplyInventory/Application/Controllers/UserController.go:43.19,46.3 2 0
go_inventory/SupplyInventory/Application/Controllers/UserController.go:48.2,48.34 1 0
